// Jest Snapshot v1, https://goo.gl/fbAQLP

exports[`Picture renders correctly 1`] = `
ShallowWrapper {
  "length": 1,
  Symbol(enzyme.__root__): [Circular],
  Symbol(enzyme.__unrendered__): <Picture />,
  Symbol(enzyme.__renderer__): Object {
    "batchedUpdates": [Function],
    "getNode": [Function],
    "render": [Function],
    "simulateEvent": [Function],
    "unmount": [Function],
  },
  Symbol(enzyme.__node__): Object {
    "instance": null,
    "key": undefined,
    "nodeType": "host",
    "props": Object {
      "children": <button>
        <img
                alt="themeimage"
                onClick={undefined}
                src="https://cdn2.iconfinder.com/data/icons/Flag/134/Spain.png"
                width="150"
        />
         
</button>,
    },
    "ref": null,
    "rendered": Object {
      "instance": null,
      "key": undefined,
      "nodeType": "host",
      "props": Object {
        "children": Array [
          <img
            alt="themeimage"
            onClick={undefined}
            src="https://cdn2.iconfinder.com/data/icons/Flag/134/Spain.png"
            width="150"
/>,
          " ",
        ],
      },
      "ref": null,
      "rendered": Array [
        Object {
          "instance": null,
          "key": undefined,
          "nodeType": "host",
          "props": Object {
            "alt": "themeimage",
            "onClick": undefined,
            "src": "https://cdn2.iconfinder.com/data/icons/Flag/134/Spain.png",
            "width": "150",
          },
          "ref": null,
          "rendered": null,
          "type": "img",
        },
        " ",
      ],
      "type": "button",
    },
    "type": "div",
  },
  Symbol(enzyme.__nodes__): Array [
    Object {
      "instance": null,
      "key": undefined,
      "nodeType": "host",
      "props": Object {
        "children": <button>
          <img
                    alt="themeimage"
                    onClick={undefined}
                    src="https://cdn2.iconfinder.com/data/icons/Flag/134/Spain.png"
                    width="150"
          />
           
</button>,
      },
      "ref": null,
      "rendered": Object {
        "instance": null,
        "key": undefined,
        "nodeType": "host",
        "props": Object {
          "children": Array [
            <img
              alt="themeimage"
              onClick={undefined}
              src="https://cdn2.iconfinder.com/data/icons/Flag/134/Spain.png"
              width="150"
/>,
            " ",
          ],
        },
        "ref": null,
        "rendered": Array [
          Object {
            "instance": null,
            "key": undefined,
            "nodeType": "host",
            "props": Object {
              "alt": "themeimage",
              "onClick": undefined,
              "src": "https://cdn2.iconfinder.com/data/icons/Flag/134/Spain.png",
              "width": "150",
            },
            "ref": null,
            "rendered": null,
            "type": "img",
          },
          " ",
        ],
        "type": "button",
      },
      "type": "div",
    },
  ],
  Symbol(enzyme.__options__): Object {
    "adapter": ReactSixteenAdapter {
      "options": Object {
        "enableComponentDidUpdateOnSetState": true,
      },
    },
    "disableLifecycleMethods": true,
  },
}
`;
